// Jest Snapshot v1, https://goo.gl/fbAQLP

exports[`<MessageList /> should render a message list 1`] = `
<div
  className="message-list"
>
  <Loader
    isLoading={false}
  >
    <SmartScroll>
      <Message
        key="1"
        message={
          Object {
            "content": "hello",
            "id": "1",
            "type": "out",
          }
        }
      />
      <Message
        key="2"
        message={
          Object {
            "content": "hi. How are you?",
            "id": "2",
            "type": "in",
          }
        }
      />
    </SmartScroll>
  </Loader>
</div>
`;

exports[`<MessageList /> should render an empty list 1`] = `
<div
  className="message-list"
>
  <Loader
    isLoading={true}
  >
    <SmartScroll />
  </Loader>
</div>
`;
